<?xml version="1.0" encoding="utf-8"?><testsuites name="pytest tests"><testsuite name="pytest" errors="0" failures="0" skipped="0" tests="87" time="2.375" timestamp="2025-10-04T17:57:02.828852-04:00" hostname="home"><testcase classname="tests.test_bot.test_01.test_general" name="test_any_metadict[metadata1-__title__ = &quot;my_package&quot;\n__author__ = &quot;John Doe&quot;\n__author_email__ = &quot;john@example.com&quot;\n-expected_names1]" file="tests\test_bot\test_01\test_general.py" line="8" time="0.006" /><testcase classname="tests.test_setup_py" name="test_read_setup_py_metadata_simple" file="tests\test_setup_py.py" line="67" time="0.010" /><testcase classname="tests.test_bot.test_01.test_general" name="test_any_metadict[metadata0-__title__ = &quot;my_package&quot;\n-expected_names0]" file="tests\test_bot\test_01\test_general.py" line="8" time="0.001" /><testcase classname="tests.test_setup_py" name="test_read_setup_py_metadata_syntax_error" file="tests\test_setup_py.py" line="96" time="0.006" /><testcase classname="tests.test_bot.test_01.test_general" name="test_safe_quote_happy_path" file="tests\test_bot\test_01\test_general.py" line="53" time="0.001" /><testcase classname="tests.test_bot.test_01.test_general" name="test_any_metadict[metadata4-__title__ = &quot;my_package&quot;\n__some_value__ = &quot;example&quot;\n-expected_names4]" file="tests\test_bot\test_01\test_general.py" line="8" time="0.001" /><testcase classname="tests.test_setup_py" name="test_generate_from_setup_py_no_name" file="tests\test_setup_py.py" line="147" time="0.008" /><testcase classname="tests.test_human.test_from_cfg" name="test_generate_from_setup_cfg" file="tests\test_human\test_from_cfg.py" line="7" time="0.011" /><testcase classname="tests.test_setup_py" name="test_generate_from_setup_py_success" file="tests\test_setup_py.py" line="107" time="0.005" /><testcase classname="tests.test_bot.test_01.test_filesystem" name="test_write_to_file_happy_path" file="tests\test_bot\test_01\test_filesystem.py" line="31" time="0.008" /><testcase classname="tests.test_setup_py" name="test_read_setup_py_metadata_with_variables" file="tests\test_setup_py.py" line="82" time="0.006" /><testcase classname="tests.test_bot.test_01.test_filesystem" name="test_write_to_file[another_test_dir-Another test content.-my_about.py-Another test content.]" file="tests\test_bot\test_01\test_filesystem.py" line="9" time="0.006" /><testcase classname="tests.test_bot.test_01.test_general" name="test_any_metadict_edge_case_empty_input" file="tests\test_bot\test_01\test_general.py" line="44" time="0.002" /><testcase classname="tests.test_bot.test_01.test_general" name="test_safe_quote_multiline_value" file="tests\test_bot\test_01\test_general.py" line="60" time="0.001" /><testcase classname="tests.test_bot.test_01.test_general" name="test_any_metadict[metadata2-__title__ = &quot;my_package&quot;\n__credits__ = [&quot;Jane Doe&quot;, &quot;John Smith&quot;]\n__status__ = &quot;5 - Production/Stable&quot;\n-expected_names2]" file="tests\test_bot\test_01\test_general.py" line="8" time="0.002" /><testcase classname="tests.test_bot.test_01.test_filesystem" name="test_write_to_file_with_custom_output" file="tests\test_bot\test_01\test_filesystem.py" line="47" time="0.006" /><testcase classname="tests.test_bot.test_01.test_general" name="test_safe_quote_invalid_type" file="tests\test_bot\test_01\test_general.py" line="67" time="0.001" /><testcase classname="tests.test_bot.test_01.test_general" name="test_any_metadict[metadata3-__title__ = &quot;my_package&quot;\n__keywords__ = [&quot;keyword1&quot;, &quot;keyword2&quot;]\n-expected_names3]" file="tests\test_bot\test_01\test_general.py" line="8" time="0.001" /><testcase classname="tests.test_bot.test_01.test_filesystem" name="test_write_to_file[dir-with- hyphen-Testing hyphen in directory.-__about__.py-Testing hyphen in directory.]" file="tests\test_bot\test_01\test_filesystem.py" line="9" time="0.006" /><testcase classname="tests.test_bot.test_01.test_find_it" name="test_find_metadata_in_module_happy_path" file="tests\test_bot\test_01\test_find_it.py" line="72" time="0.011" /><testcase classname="tests.test_bot.test_01.test_filesystem" name="test_write_to_file[test_dir-This is a test.-__about__.py-This is a test.]" file="tests\test_bot\test_01\test_filesystem.py" line="9" time="0.007" /><testcase classname="tests.test_bot.test_01.test_find_it" name="test_find_metadata_in_file[__name__ = 'test_module'\n__description__ = 'Test module description'\n__version__ = '0.1.0'\n-expected_output1]" file="tests\test_bot\test_01\test_find_it.py" line="7" time="0.005" /><testcase classname="tests.test_bot.test_01.test_filesystem" name="test_write_to_file[src/test_src-Inside src directory.-__about__.py-Inside src directory.]" file="tests\test_bot\test_01\test_filesystem.py" line="9" time="0.015" /><testcase classname="tests.test_bot.test_01.test_find_it" name="test_find_metadata_in_file[__version__ = '1.0.0'\n__author__ = 'John Doe'\n-expected_output0]" file="tests\test_bot\test_01\test_find_it.py" line="7" time="0.004" /><testcase classname="tests.test_bot.test_01.test_find_it" name="test_find_metadata_in_file_bad_format" file="tests\test_bot\test_01\test_find_it.py" line="114" time="0.005" /><testcase classname="tests.test_bot.test_01.test_from_poetry" name="test_generate_from_poetry_file_not_found" file="tests\test_bot\test_01\test_from_poetry.py" line="7" time="0.003" /><testcase classname="tests.test_bot.test_01.test_find_it" name="test_find_metadata_in_file_happy_path" file="tests\test_bot\test_01\test_find_it.py" line="39" time="0.004" /><testcase classname="tests.test_human.test_filesystem" name="test_write_to_file" file="tests\test_human\test_filesystem.py" line="7" time="0.006" /><testcase classname="tests.test_bot.test_01.test_find_it" name="test_find_metadata_in_file_empty_file" file="tests\test_bot\test_01\test_find_it.py" line="52" time="0.004" /><testcase classname="tests.test_bot.test_01.test_find_it" name="test_find_metadata_in_file_no_metadata" file="tests\test_bot\test_01\test_find_it.py" line="62" time="0.005" /><testcase classname="tests.test_bot.test_01.test_find_it" name="test_find_metadata_in_file[__version__ = '2.0.0'\ndef function(): pass\n-expected_output3]" file="tests\test_bot\test_01\test_find_it.py" line="7" time="0.006" /><testcase classname="tests.test_more" name="test_cli_no_subcommand" file="tests\test_more.py" line="134" time="0.022" /><testcase classname="tests.test_bot.test_01.test_find_it" name="test_find_metadata_in_file[-expected_output4]" file="tests\test_bot\test_01\test_find_it.py" line="7" time="0.003" /><testcase classname="tests.test_bot.test_01.test_find_it" name="test_find_metadata_in_file_read_error" file="tests\test_bot\test_01\test_find_it.py" line="102" time="0.007" /><testcase classname="tests.test_bot.test_01.test_find_it" name="test_find_metadata_in_file[__author__ = 'Jane Doe'\n# Just a comment\n__license__ = 'MIT'\n-expected_output2]" file="tests\test_bot\test_01\test_find_it.py" line="7" time="0.064" /><testcase classname="tests.test_more" name="test_any_metadict[metadata1-expected_lines1-expected_names1]" file="tests\test_more.py" line="16" time="0.002" /><testcase classname="tests.test_more" name="test_cli_setup_cfg_subcommand" file="tests\test_more.py" line="107" time="0.049" /><testcase classname="tests.test_more" name="test_any_metadict[metadata4-expected_lines4-expected_names4]" file="tests\test_more.py" line="16" time="0.002" /><testcase classname="tests.test_bot.test_01.test_find_it" name="test_find_metadata_in_module_no_python_files" file="tests\test_bot\test_01\test_find_it.py" line="92" time="0.004" /><testcase classname="tests.test_more" name="test_any_metadict[metadata6-expected_lines6-expected_names6]" file="tests\test_more.py" line="16" time="0.002" /><testcase classname="tests.test_bot.test_01.test_find_it" name="test_main_import_error" file="tests\test_bot\test_01\test_find_it.py" line="31" time="0.004" /><testcase classname="tests.test_more" name="test_safe_quote[contains &quot;&quot;&quot; quotes-&quot;&quot;&quot;contains \\&quot;\\&quot;\\&quot; quotes&quot;&quot;&quot;]" file="tests\test_more.py" line="75" time="0.002" /><testcase classname="tests.test_more" name="test_cli_poetry_subcommand" file="tests\test_more.py" line="100" time="0.006" /><testcase classname="tests.test_more" name="test_any_metadict[metadata3-expected_lines3-expected_names3]" file="tests\test_more.py" line="16" time="0.001" /><testcase classname="tests.test_more" name="test_safe_quote[hello\nworld-&quot;&quot;&quot;hello\nworld&quot;&quot;&quot;]" file="tests\test_more.py" line="75" time="0.001" /><testcase classname="tests.test_more" name="test_safe_quote[hello-&quot;hello&quot;]" file="tests\test_more.py" line="75" time="0.002" /><testcase classname="tests.test_more" name="test_any_metadict[metadata7-expected_lines7-expected_names7]" file="tests\test_more.py" line="16" time="0.001" /><testcase classname="tests.test_more" name="test_any_metadict[metadata2-expected_lines2-expected_names2]" file="tests\test_more.py" line="16" time="0.002" /><testcase classname="tests.test_more" name="test_safe_quote[123-123]" file="tests\test_more.py" line="75" time="0.001" /><testcase classname="tests.test_more" name="test_any_metadict[metadata0-expected_lines0-expected_names0]" file="tests\test_more.py" line="16" time="0.002" /><testcase classname="tests.test_more" name="test_cli_importlib_subcommand" file="tests\test_more.py" line="114" time="0.025" /><testcase classname="tests.test_more" name="test_safe_quote[1.23-1.23]" file="tests\test_more.py" line="75" time="0.001" /><testcase classname="tests.test_more" name="test_any_metadict[metadata8-expected_lines8-expected_names8]" file="tests\test_more.py" line="16" time="0.002" /><testcase classname="tests.test_more" name="test_any_metadict[metadata5-expected_lines5-expected_names5]" file="tests\test_more.py" line="16" time="0.001" /><testcase classname="tests.test_more" name="test_cli_pep621_subcommand" file="tests\test_more.py" line="93" time="0.005" /><testcase classname="tests.test_bot.test_01.test_find" name="test_get_meta[None-expected_output3]" file="tests\test_bot\test_01\test_find.py" line="7" time="0.004" /><testcase classname="tests.test_more" name="test_merge_sections" file="tests\test_more.py" line="61" time="0.001" /><testcase classname="tests.test_bot.test_01.test_find" name="test_get_meta[__title__ = 'Invalid Example'\n__version__ = '1.0.0'\n__malformed__ = 'missing quotes\n-expected_output2]" file="tests\test_bot\test_01\test_find.py" line="7" time="0.005" /><testcase classname="tests.test_human.test_from_importlib" name="test_generate_from_importlib" file="tests\test_human\test_from_importlib.py" line="7" time="0.007" /><testcase classname="tests.test_bot.test_01.test_find" name="test_get_meta_happy_path" file="tests\test_bot\test_01\test_find.py" line="41" time="0.005" /><testcase classname="tests.test_bot.test_01.test_from_pep621" name="test_generate_from_pep621_file_not_found" file="tests\test_bot\test_01\test_from_pep621.py" line="54" time="0.002" /><testcase classname="tests.test_bot.test_01.test_from_pep621" name="test_generate_from_pep621[project_data0-No [project] section found in pyproject.toml.-None]" file="tests\test_bot\test_01\test_from_pep621.py" line="10" time="0.007" /><testcase classname="tests.test_bot.test_01.test_find" name="test_get_meta_empty_file" file="tests\test_bot\test_01\test_find.py" line="53" time="0.004" /><testcase classname="tests.test_bot.test_01.test_find" name="test_get_meta_file_not_found" file="tests\test_bot\test_01\test_find.py" line="31" time="0.003" /><testcase classname="tests.test_human.test_from_poetry_alt_folder" name="test_generate_from_poetry_alt" file="tests\test_human\test_from_poetry_alt_folder.py" line="7" time="0.009" /><testcase classname="tests.test_bot.test_01.test_find" name="test_get_meta[__title__ = 'My Package'\n__version__ = '1.0.0'\n-expected_output0]" file="tests\test_bot\test_01\test_find.py" line="7" time="0.005" /><testcase classname="tests.test_bot.test_01.test_find" name="test_get_meta[No metadata here.\n-expected_output1]" file="tests\test_bot\test_01\test_find.py" line="7" time="0.004" /><testcase classname="tests.test_bot.test_01.test_find" name="test_get_meta_file_with_invalid_content" file="tests\test_bot\test_01\test_find.py" line="63" time="0.005" /><testcase classname="tests.test_bot.test_01.test_find" name="test_get_meta_file_not_found2" file="tests\test_bot\test_01\test_find.py" line="74" time="0.003" /><testcase classname="tests.test_human.test_general" name="test_any_metadict[metadata3-expected_output3]" file="tests\test_human\test_general.py" line="8" time="0.002" /><testcase classname="tests.test_human.test_general" name="test_any_metadict[metadata0-expected_output0]" file="tests\test_human\test_general.py" line="8" time="0.002" /><testcase classname="tests.test_human.test_general" name="test_any_metadict[metadata1-expected_output1]" file="tests\test_human\test_general.py" line="8" time="0.001" /><testcase classname="tests.test_human.test_general" name="test_any_metadict[metadata2-expected_output2]" file="tests\test_human\test_general.py" line="8" time="0.001" /><testcase classname="tests.test_human.test_general" name="test_merge_sections[names0-MyProject-__title__ = &quot;MyProject&quot;\n-&quot;&quot;&quot;Metadata for MyProject.&quot;&quot;&quot;\n\n__all__ = [\n    &quot;__title__&quot;\n]\n\n__title__ = &quot;MyProject&quot;\n]" file="tests\test_human\test_general.py" line="28" time="0.001" /><testcase classname="tests.test_filesystem_new" name="test_determine_target_dir_creates_in_src" file="tests\test_filesystem_new.py" line="68" time="0.003" /><testcase classname="tests.test_filesystem_new" name="test_find_existing_flat_dir" file="tests\test_filesystem_new.py" line="21" time="0.003" /><testcase classname="tests.test_filesystem_new" name="test_write_to_package_dir_creates_src_layout" file="tests\test_filesystem_new.py" line="100" time="0.006" /><testcase classname="tests.test_filesystem_new" name="test_find_existing_src_layout_dir" file="tests\test_filesystem_new.py" line="28" time="0.004" /><testcase classname="tests.test_filesystem_new" name="test_write_to_package_dir_creates_flat_layout" file="tests\test_filesystem_new.py" line="84" time="0.005" /><testcase classname="tests.test_filesystem_new" name="test_find_existing_dir_with_hyphen_preference" file="tests\test_filesystem_new.py" line="36" time="0.003" /><testcase classname="tests.test_filesystem_new" name="test_determine_target_dir_returns_existing" file="tests\test_filesystem_new.py" line="60" time="0.005" /><testcase classname="tests.test_filesystem_new" name="test_find_existing_dir_with_hyphen_fallback" file="tests\test_filesystem_new.py" line="44" time="0.004" /><testcase classname="tests.test_filesystem_new" name="test_find_existing_dir_not_found" file="tests\test_filesystem_new.py" line="51" time="0.003" /><testcase classname="tests.test_filesystem_new" name="test_determine_target_dir_creates_in_root" file="tests\test_filesystem_new.py" line="75" time="0.003" /><testcase classname="tests.test_filesystem_new" name="test_write_to_package_dir_uses_existing_dir" file="tests\test_filesystem_new.py" line="117" time="0.005" /><testcase classname="tests.test_filesystem_new" name="test_write_to_file_legacy_wrapper" file="tests\test_filesystem_new.py" line="136" time="0.006" /><testcase classname="tests.test_human.test_from_pep621" name="test_generate_from_pep621" file="tests\test_human\test_from_pep621.py" line="7" time="0.008" /></testsuite></testsuites>